Agent: This is another test.
Customer: Ah, thank you. My day has been great.
Agent: Splendid. How can I help you today?