Agent: Hello this is a test.
Customer: Great! Thank you.
Agent: This is another line of test data; how are you today?